     1                                  ;***************************************************************************
     2                                  ; 
     3                                  ;  oslib.asm-内核常用函数库，原型声明在include/oslib.h
     4                                  ;     
     5                                  ;  Copyright (C) 2010 杨习辉
     6                                   ;**************************************************************************
     7                                   
     8                                  global enable_int
     9                                  global disable_int
    10                                  global nop
    11                                   
    12                                  ;设置eflags的if位，启用外部中断
    13                                  enable_int:
    14 00000000 FB                          sti
    15 00000001 C3                          ret
    16                                      
    17                                  ;清除eflags的if位，禁用外部中断
    18                                  disable_int:
    19 00000002 FA                          cli
    20 00000003 C3                          ret
    21                                  ;空操作
    22                                  nop:
    23 00000004 90                          nop
    24 00000005 C3                          ret
